--- UNPARSED SAMPLES ---
NO MERCHANT SENDER: AD-HDFCBK
BODY: Rs.5000 debited from your A/C 1234 on 05-02-26. Avl Bal: Rs.10000.
---------------------------
NO MERCHANT SENDER: VM-ICICIB
BODY: INR 5000 withdrawn from A/C 1234 on 05-02-2026. Avl Bal: INR 10000.
---------------------------
NO MERCHANT SENDER: AXISBK
BODY: Rs.2000 debited from A/C 1234. Avl Bal: Rs.9000.
---------------------------
NO MERCHANT SENDER: SBIUPI
BODY: UPI has been debited with Rs.1000.00 from your A/C 1234 on 05-02-26. Avl Bal: Rs.9000.00.
---------------------------
NO MERCHANT SENDER: KOTAKB
BODY: UPI payment of INR 1549.00 has been debited from your A/C 1234 on 05-02-26.
---------------------------
NO MERCHANT SENDER: SBIBK
BODY: SBI: Rs1000.0 credited to A/c XX1234 on 05Feb26 by NEFT:REF NO 1234567890. Bal:Rs15000.0
---------------------------
NO MERCHANT SENDER: BANK-BK
BODY: 248,759.00 is debited from A/c XXXX6791 for BillPay/Credit Card payment via Example Bank NetBanking. Call XXXXXXXX161XXX if txn not done by you.
---------------------------
NO MERCHANT SENDER: PAYTM
BODY: Debit of Rs.2,999 from ****6789 on 06/04/26 12:10 for NEFT/PAYTM/ABC123. New Bal: Rs.45,001. Contact 1800-XXX if unauthorized.
---------------------------
NO MERCHANT SENDER: ATMSBI
BODY: Rs.15,000 withdrawn from Acct *2345 via ATM/PIN on 05-Apr-26 18:45. Balance Rs.1,20,000. Call support if dispute.
---------------------------
NO MERCHANT SENDER: HDFCBK
BODY: 45,000 debited from XX3456 for Credit Card paymt on 04-Apr-26 via NetBanking. Bal: 1,55,000. Helpline: 1800-XXXXXXX.
---------------------------
SENDER: DIB-BK
BODY: Rs.25,000 from Acct XX7890 on 06-Apr-26 12:00 NEFT/SENDER/ABCDEF. Clear Bal Rs.3,75,000. Call if not initiated by you.
---------------------------
NO MERCHANT SENDER: SBI-ATM
BODY: 7,500 withdrawn ****9012 ATM 05-Apr-26 22:30. New Bal 92,500. Contact bank if unauthorized.
---------------------------
NO MERCHANT SENDER: BANK-SMS
BODY: Rs.18,999 debited XX1234 on 06/04/26 09:50 for Bill Payment/NetBanking. Avl: Rs.81,001. Helpline XXX-XXXXXXX.
---------------------------
NO MERCHANT SENDER: DIB-BK
BODY: A/c ending 3456 INR 4,200 debited 06-Apr 15:10 IMPS/ABC/IFSC123. Bal 56,800. Call 1800-XXX for disputes.
---------------------------
SENDER: KOTAKB
BODY: 32,000 from *7890 NEFT/RemitName on 04-Apr-26 17:45. Balance 2,68,000. SMS BLOCK if fraud.
---------------------------
SENDER: HDFCBK
BODY: Debit Rs.950 ****2345 UPI 06-Apr 11:30. Bal Rs.19,050. Report to XXX161XXX.
---------------------------
NO MERCHANT SENDER: ICICIB
BODY: INR 22,500 debited Acct XX4567 05-Apr-26 20:15 ATM. Avl Bal 1,77,500. Helpline 1800-XXXX.
---------------------------
SENDER: DIB-BK
BODY: Rs.6,750 from 6789 on 06/04 14:00 Credit Card/NetBanking. New Bal 43,250. Call if not you.
---------------------------
NO MERCHANT SENDER: SBIBK
BODY: 1,200 debited *9012 IMPS 06-Apr-26 10:45. Bal 34,800. Dispute helpline XXX-XXXX.
---------------------------
SENDER: AXISBK
BODY: A/c XX1122 Rs.28,000 withdrawn 04-Apr 16:20 UPI. Balance 72,000. Contact support.
---------------------------
NO MERCHANT SENDER: KOTAKB
BODY: INR 9,999 debited ****5678 NEFT 06-Apr 12:55. Avl 51,001. 1800-11-XXXX if issue.
---------------------------
SENDER: DIB-BK
BODY: Rs.14,250 ATM *2345 05-Apr-26 19:10. Bal 85,750. Report fraud.
---------------------------
SENDER: HDFCBK
BODY: Debit 3,500 XX7890 UPI 06/04/26 13:40. New Bal 96,500. Helpline XXX161XXX.
---------------------------
SENDER: SBIBK
BODY: 47,000 from Acct *1234 NetBanking 06-Apr 11:00. Bal 2,53,000. Call 1800-XXXXXXX.
---------------------------
NO MERCHANT SENDER: AXISBK
BODY: Rs.5,600 debited 3456 IMPS 04-Apr-26 21:30. Avl 78,400. SMS STOP for block.
---------------------------
NO MERCHANT SENDER: BANK-BK
BODY: 46,000.00 on 24-Jul-2025 & Acct XX791 credited. IMPS: XXX410XX. Call XX0026XX for dispute or SMS BLOCK 126 to XXX5676XXX.
---------------------------
SENDER: XYZ-BANK
BODY: Dear John Doe, Your account ending with 1234 has been credited with ₹5,000 on 25th December 2024. For any queries, please contact our customer support at 1800-123-4567. Thank you for banking with XYZ Bank.
---------------------------
NO MERCHANT SENDER: SBIBK
BODY: Acct ****6789 credited Rs.10,000 on 06-Apr-26 12:05 IMPS/SenderName/IFSC123. New Bal: Rs.55,000.
---------------------------
NO MERCHANT SENDER: DIB-BK
BODY: INR 25,500 credited to A/c XX4567 on 06/04/26 14:30 NEFT/ABC/ABCD0001. Avl Bal: INR 80,500.
---------------------------
SENDER: HDFCBK
BODY: Rs.15,000 credit *2345 UPI/Paytm on 05-Apr-26 10:20. Balance Rs.1,15,000. Thank you.
---------------------------
NO MERCHANT SENDER: SBIBK
BODY: A/c ending 8910 credited 42,750 on 06-Apr 11:15. Salary/IMPS. New Bal 87,750. Helpline 1800-XXXX.
---------------------------
SENDER: DIB-BK
BODY: 3,200.00 credited XX3456 NEFT/Remitter 04-Apr-26 17:45. Bal 1,03,200. Queries? XXX-XXXXXXX.
---------------------------
SENDER: AXISBK
BODY: INR 78,000 to ****1122 on 06/04 09:50 UPI. Avl Bal INR 1,78,000. Contact if needed.
---------------------------
NO MERCHANT SENDER: HDFCBK
BODY: Rs.22,500 credited Acct *7890 06-Apr-26 13:10 IMPS. Balance 2,22,500. Thank you for banking.
---------------------------
SENDER: ICICIB
BODY: Credit 1,150 XX1234 NEFT 05-Apr 20:30. New Bal 45,150. Helpline 1800-11-XXXX.
---------------------------
SENDER: DIB-BK
BODY: A/c ****9012 Rs.7,500 credited 06-Apr 12:40 ATM Deposit. Bal Rs.60,000.
---------------------------
SENDER: KOTAKB
BODY: 18,999 to *5678 on 04-Apr-26 15:20 UPI/GPay. Avl 68,999. Support XXX161XXX.
---------------------------
SENDER: AXISBK
BODY: Rs.32,000 credit XX4567 IMPS 06/04/26 10:55. Balance 1,32,000.
---------------------------
SENDER: HDFCBK
BODY: INR 4,250 credited 7890 NEFT 06-Apr 14:15. New Bal 49,250. Queries call XXX-XXXX.
---------------------------
SENDER: DIB-BK
BODY: Acct *2345 Rs.28,000 on 05-Apr-26 18:30 Salary Credit. Bal 78,000. Thank you.
---------------------------
SENDER: ICICIB
BODY: 9,999 credited ****6789 UPI 06-Apr 11:45. Avl 59,999. Helpline 1800-XXXXXXX.
---------------------------
SENDER: SBIBK
BODY: Rs.14,250 to XX1122 04-Apr 16:10. IMPS/Sender. Balance 64,250.
---------------------------
SENDER: AXISBK
BODY: Credit 47,000 *9012 NEFT 06/04/26 13:25. New Bal 97,000. Contact support.
---------------------------
SENDER: DIB-BK
BODY: INR 5,600 credited 3456 05-Apr-26 21:00 Cash Dep. Bal 55,600.
---------------------------
SENDER: HDFCBK
BODY: Rs.72,500 to Acct XX7890 UPI 06-Apr 12:20. Avl 1,72,500. Thank you.
---------------------------
SENDER: SBIBK
BODY: 2,999 credited *1234 IMPS 04-Apr 10:40. Balance 52,999. Helpline XXX161XXX.
---------------------------
SENDER: ICICIB
BODY: A/c ****5678 Rs.85,000 on 06/04 15:05 NEFT. New Bal 1,35,000.
---------------------------
SENDER: DIB-BK
BODY: 19,750 credit XX2345 05-Apr-26 19:50 Salary. Bal 69,750. 1800-XXXX.
---------------------------
SENDER: AXISBK
BODY: Rs.36,000 to 4567 UPI 06-Apr 11:30. Avl 86,000. Queries? Call bank.
---------------------------
SENDER: HDFCBK
BODY: INR 11,200 credited *8910 04-Apr-26 14:00. Balance 61,200. Thank you for banking.
---------------------------
NO MERCHANT SENDER: SBIINB
BODY: Rs.500.00 debited from a/c XXXXX6789 on 25-Oct-23 via UPI/Ref 329845612345. Avl bal Rs.10,234.56
---------------------------
NO MERCHANT SENDER: ICICIB
BODY: A/c XX4321 debited by Rs 3,450 on 20-02-26 via UPI Ref No 22334455. If not you call 1800xxxx
---------------------------
NO MERCHANT SENDER: PNBSMS
BODY: Rs.2,000 withdrawn from A/c XX5678 at ATM on 02-03-26. Avl bal: Rs.8,500
---------------------------
NO MERCHANT SENDER: HDFCBK
BODY: INR 899 spent on HDFC Bank Credit Card ending 1234 at FLIPKART INTERNET on 18-Mar-26
---------------------------
NO MERCHANT SENDER: AXISBK
BODY: Rs.6,000 debited from your A/c no. XXXXX2222 on 21-03-26 via NEFT. Avl bal: Rs.45,000
---------------------------
NO MERCHANT SENDER: KOTAKB
BODY: Rs 5,500 debited from A/c XX5555 via IMPS on 14-03-26 Ref No 77665544. Avl Bal Rs 23,000
---------------------------
NO MERCHANT SENDER: YESBNK
BODY: Rs.320.00 debited from A/c XX6666 on 15-03-26 at DMART POS. Avl Bal Rs.9,200
---------------------------
SENDER: HDFCBK
BODY: INR 1,150 spent using your Card at AMAZON PAY INDIA on 16-Mar-26
---------------------------
NO MERCHANT SENDER: SBMSMS
BODY: Rs 4,000 debited from your account XX7777 on 17-03-26 via IMPS Ref 77665544. Not you? Call bank
---------------------------
NO MERCHANT SENDER: AXISBK
BODY: Rs 850 debited from A/c XX8888 on 19-03-26 via UPI. UPI Ref No 99887766
---------------------------
NO MERCHANT SENDER: PNBSMS
BODY: Cash withdrawal Rs.1,750 from A/c XX9999 on 20-03-26 ATM ID S1234
---------------------------
NO MERCHANT SENDER: SBIINB
BODY: Rs.10,000 credited to your A/c XX1234 on 05-02-26 via NEFT. Avl bal Rs.50,000
---------------------------
NO MERCHANT SENDER: ICICIB
BODY: Rs.2,500 received in your account XX4321 via UPI Ref No 99887766
---------------------------
NO MERCHANT SENDER: AXISBK
BODY: Rs 15,000 credited to your A/c XX6789 via RTGS on 11-02-26. Avl Bal Rs 1,20,000
---------------------------
NO MERCHANT SENDER: KOTAKB
BODY: Rs.1,200 credited to A/c XX1111 via UPI on 20-02-26 Ref 22334455
---------------------------
NO MERCHANT SENDER: YESBNK
BODY: INR 3,000 credited in your account XX2222 via IMPS. Avl Bal INR 15,000
---------------------------
NO MERCHANT SENDER: PNBSMS
BODY: Rs 7,500 credited to A/c XX3333 on 25-03-26 via NEFT Ref No 88997766
---------------------------
NO MERCHANT SENDER: ICICIB
BODY: Rs.950 received via UPI in A/c XX4444 Ref No 77665544
---------------------------
NO MERCHANT SENDER: HDFCBK
BODY: INR 12,000 credited to A/c XX5555 via RTGS. Avl Bal INR 2,00,000
---------------------------
NO MERCHANT SENDER: SBMSMS
BODY: Rs 2,000 credited to your account XX6666 via IMPS Ref No 44556677
---------------------------
NO MERCHANT SENDER: AXISBK
BODY: Rs.500 debited from A/c XX4545 on 22-03-26 via UPI/Ref 99887766. Avl bal Rs 5,000
---------------------------
NO MERCHANT SENDER: KOTAKB
BODY: INR 1,000 credited to your account XX5656 via IMPS Ref No 11223344
---------------------------
SENDER: HDFCBK
BODY: Rs.2,750 spent on your Credit Card at AMAZON on 23-Mar-26
---------------------------
NO MERCHANT SENDER: SBIINB
BODY: Rs.9,000 credited to A/c XX6767 via NEFT on 24-03-26 Ref No 66778899
---------------------------
NO MERCHANT SENDER: ICICIB
BODY: Rs.650 debited from A/c XX7878 via POS at RELIANCE SMART on 25-03-26
---------------------------
NO MERCHANT SENDER: VM-HDFCBK
BODY: Rs.5,000.00 debited from A/c **1234 on 01-Apr-25. Avbl Bal: Rs.12,350.00. Call 18002586161 for dispute.
---------------------------
NO MERCHANT SENDER: VM-HDFCBK
BODY: Rs.850.00 debited from A/c **1234 on 02-Apr-25. Avbl Bal: Rs.11,500.00. Call 18002586161 for dispute.
---------------------------
NO MERCHANT SENDER: VM-HDFCBK
BODY: Rs.25,000.00 credited to A/c **1234 on 01-Apr-25. Avbl Bal: Rs.36,500.00.
---------------------------
NO MERCHANT SENDER: VM-HDFCBK
BODY: Rs.1,200.00 credited to A/c **1234 on 03-Apr-25. Avbl Bal: Rs.37,700.00.
---------------------------
NO MERCHANT SENDER: VM-HDFCBK
BODY: INR 499.00 spent on HDFC Bank Credit Card **5678 at AMAZON INDIA on 02-Apr-2025. Available Limit: INR 45,001.00.
---------------------------
NO MERCHANT SENDER: VM-HDFCBK
BODY: INR 1,999.00 spent on HDFC Bank Credit Card **5678 at SWIGGY on 03-Apr-2025. Available Limit: INR 43,002.00.
---------------------------
NO MERCHANT SENDER: VM-HDFCBK
BODY: INR 10,000.00 credited to HDFC Bank Credit Card **5678 on 04-Apr-2025. Total Amt Due: INR 3,450.00.
---------------------------
NO MERCHANT SENDER: VM-SBIINB
BODY: Your A/c XX1234 debited by Rs 2,500.00 on 01Apr25. Avl Bal Rs.8,300.00. If not done by you, call 18004253800.
---------------------------
NO MERCHANT SENDER: VM-SBIINB
BODY: Your A/c XX1234 debited by Rs 750.00 on 02Apr25. Avl Bal Rs.7,550.00. If not done by you, call 18004253800.
---------------------------
NO MERCHANT SENDER: VM-SBIINB
BODY: Your A/c XX1234 credited by Rs 50,000.00 on 01Apr25. Avl Bal Rs.57,550.00. -SBI
---------------------------
NO MERCHANT SENDER: VM-SBIINB
BODY: Your A/c XX1234 credited by Rs 15,000.00 on 03Apr25. Avl Bal Rs.72,550.00. -SBI
---------------------------
NO MERCHANT SENDER: VM-SBIINB
BODY: Dear Customer, your A/c XX1234 is debited with Rs.10,000.00 on 02-Apr-25 by NEFT. Avl Bal Rs.62,550.00.
---------------------------
NO MERCHANT SENDER: VM-ICICIB
BODY: ICICI Bank Acct XX1234 credited with INR 15,160.00 on 01-Apr-2025 by A/c linked to mobile XXXXXX79. Avl Bal INR 23,860.00.
---------------------------
NO MERCHANT SENDER: VM-ICICIB
BODY: ICICI Bank Acct XX1234 credited with INR 8,000.00 on 03-Apr-2025. IMPS Ref 411234567890. Avl Bal INR 31,860.00.
---------------------------
NO MERCHANT SENDER: VM-ICICIB
BODY: Dear Customer, INR 1,500.00 debited from ICICI Bank A/C XX1234 on 04-Apr-2025. Info: UPI/Swiggy. Avl Bal INR 30,360.00.
---------------------------
NO MERCHANT SENDER: VM-AXISBK
BODY: INR 2,000.00 debited from Axis Bank A/c ending 1234 on 01-Apr-25. UPI Ref: 123456789012. Avl Bal INR 18,400.00.
---------------------------
NO MERCHANT SENDER: VM-AXISBK
BODY: INR 450.00 debited from Axis Bank A/c ending 1234 on 02-Apr-25. UPI Ref: 234567890123. Avl Bal INR 17,950.00.
---------------------------
NO MERCHANT SENDER: VM-AXISBK
BODY: INR 30,000.00 credited to Axis Bank A/c ending 1234 on 01-Apr-25. NEFT Ref: AXIB25091234567. Avl Bal INR 47,950.00.
---------------------------
NO MERCHANT SENDER: VM-AXISBK
BODY: INR 5,500.00 credited to Axis Bank A/c ending 1234 on 03-Apr-25. IMPS Ref: 345678901234. Avl Bal INR 53,450.00.
---------------------------
NO MERCHANT SENDER: VM-KOTAKB
BODY: Rs.3,200.00 has been debited from your Kotak A/c XX1234 on 01-Apr-25. Available Bal: Rs.16,800.00. Call 18002740110 if not done by you.
---------------------------
NO MERCHANT SENDER: VM-KOTAKB
BODY: Rs.600.00 has been debited from your Kotak A/c XX1234 on 02-Apr-25. Available Bal: Rs.16,200.00. Call 18002740110 if not done by you.
---------------------------
SENDER: VM-KOTAKB
BODY: Rs.20,000.00 has been credited to your Kotak A/c XX1234 on 01-Apr-25. Available Bal: Rs.36,200.00.
---------------------------
SENDER: VM-INDUSB
BODY: INR 4,500.00 has been debited from your IndusInd Bank A/c ending 1234 on 01-Apr-25. Avl Bal: INR 22,100.00.
---------------------------
SENDER: VM-INDUSB
BODY: INR 12,000.00 has been credited to your IndusInd Bank A/c ending 1234 on 02-Apr-25. Avl Bal: INR 34,100.00.
---------------------------
NO MERCHANT SENDER: VM-IDFCFB
BODY: INR 7,000.00 credited to IDFC FIRST Bank A/c XX1234 on 02-Apr-25. IMPS Ref 512345678901. Avl Bal INR 21,650.00.
---------------------------
NO MERCHANT SENDER: VM-PNBSMS
BODY: Your A/c XX1234 debited Rs.5,000.00 on 01-04-2025 by UPI. Avl Bal Rs.11,230.00. For dispute call 18001802222.
---------------------------
NO MERCHANT SENDER: VM-PNBSMS
BODY: Your A/c XX1234 credited Rs.18,000.00 on 01-04-2025. Avl Bal Rs.29,230.00. -Punjab National Bank
---------------------------
NO MERCHANT SENDER: VM-CANBK
BODY: Dear Customer, A/c No XX1234 is debited with INR 2,000.00 on 01-04-2025. Avl Bal: INR 9,540.00. -Canara Bank.
---------------------------
NO MERCHANT SENDER: VM-CANBK
BODY: Dear Customer, A/c No XX1234 is credited with INR 10,000.00 on 02-04-2025. Avl Bal: INR 19,540.00. -Canara Bank.
---------------------------
NO MERCHANT SENDER: VM-BOBTXN
BODY: Your BOB A/c XX1234 debited INR 3,500.00 on 01-Apr-25 via UPI. Avl Bal INR 6,700.00. Not done by you? Call 18005700.
---------------------------
NO MERCHANT SENDER: VM-BOBTXN
BODY: Your BOB A/c XX1234 credited INR 22,000.00 on 02-Apr-25. Avl Bal INR 28,700.00. -Bank of Baroda.
---------------------------
NO MERCHANT SENDER: VM-FEDBK
BODY: INR 1,100.00 debited from Federal Bank A/c XX1234 on 01-Apr-2025. UPI Txn. Avl Bal: INR 5,430.00.
---------------------------
NO MERCHANT SENDER: VM-FEDBK
BODY: INR 9,000.00 credited to Federal Bank A/c XX1234 on 02-Apr-2025. NEFT. Avl Bal: INR 14,430.00.
---------------------------
NO MERCHANT SENDER: VM-HSBCIN
BODY: Rs.2,750.00 debited from HSBC A/c XX1234 on 01-Apr-25. Avl Bal Rs.31,250.00. Queries? Call 18002676161.
---------------------------
NO MERCHANT SENDER: VM-HSBCIN
BODY: Rs.40,000.00 credited to HSBC A/c XX1234 on 02-Apr-25. Avl Bal Rs.71,250.00.
---------------------------
